apiVersion: apps/v1
kind: Deployment
metadata:
  name: bar
  namespace: production
  labels:
    app: bar
    deployment: bar
    environment: production
    tier: critical
  annotations:
    deployment.kubernetes.io/revision: "1"
    maintainer: platform-team@example.com
    cost-center: engineering
spec:
  replicas: 3
  selector:
    matchLabels:
      app: bar
      deployment: bar
      environment: production
      tier: critical
  template:
    metadata:
      labels:
        app: bar
        deployment: bar
        environment: production
        tier: critical
      annotations:
        backup.velero.io/backup-volumes: data
        sidecar.istio.io/inject: "true"
    spec:
      containers:
        - name: bar
          image: bar:v1.2.3
          envFrom:
            - configMapRef:
                name: shared-production-config
          imagePullPolicy: Always
          livenessProbe:
            httpGet:
              path: /health/live
              port: 8080
              scheme: HTTP
            initialDelaySeconds: 30
            periodSeconds: 10
            timeoutSeconds: 5
            successThreshold: 1
            failureThreshold: 3
          ports:
            - name: http
              containerPort: 8080
              protocol: TCP
          readinessProbe:
            httpGet:
              path: /health/ready
              port: 8080
              scheme: HTTP
            initialDelaySeconds: 10
            periodSeconds: 5
            timeoutSeconds: 3
            successThreshold: 1
            failureThreshold: 3
          resources:
            requests:
              cpu: 500m
              memory: 1Gi
            limits:
              cpu: 1000m
              memory: 2Gi
          volumeMounts:
            - name: data
              mountPath: /var/lib/myapp/data
              readOnly: false
            - name: config
              mountPath: /etc/myapp/config
              readOnly: true
            - name: cache
              mountPath: /var/cache/myapp
              readOnly: false
            - name: projected-secrets
              mountPath: /var/secrets
              readOnly: true
          securityContext:
            runAsGroup: 1000
            runAsNonRoot: true
            runAsUser: 1000
            readOnlyRootFilesystem: false
            allowPrivilegeEscalation: false
            capabilities:
              drop:
                - ALL
      volumes:
        - name: data
          persistentVolumeClaim:
            claimName: bar-data
        - name: config
          configMap:
            name: bar-config
        - name: cache
          emptyDir:
            medium: Memory
            sizeLimit: 256Mi
        - name: projected-secrets
          projected:
            defaultMode: 256
            sources:
              - secret:
                  name: bar-prod-secrets
                  items:
                    - key: db-user
                      path: database/username
                    - key: db-password
                      path: database/password
              - configMap:
                  name: bar-prod-config
                  items:
                    - key: redis-url
                      path: config/redis-url
              - configMap:
                  name: prod-cluster-ca
                  items:
                    - key: ca.crt
                      path: config/cluster-ca.crt
              - downwardAPI:
                  items:
                    - path: pod/name
                      fieldRef:
                        fieldPath: metadata.name
                    - path: pod/namespace
                      fieldRef:
                        fieldPath: metadata.namespace
      nodeSelector:
        environment: production
        workload: application
      securityContext:
        runAsGroup: 1000
        runAsNonRoot: true
        runAsUser: 1000
        fsGroup: 1000
      serviceAccountName: bar
  strategy:
    type: RollingUpdate
    rollingUpdate:
      maxSurge: 1
      maxUnavailable: 0
---
apiVersion: v1
kind: Service
metadata:
  name: bar
  namespace: production
  labels:
    app: bar
    deployment: bar
    environment: production
    tier: critical
spec:
  type: ClusterIP
  selector:
    app: bar
    component: backend
  ports:
    - name: http
      protocol: TCP
      port: 80
      targetPort: 8080
  sessionAffinity: None
---
apiVersion: v1
kind: ConfigMap
metadata:
  name: bar-config
  namespace: production
  labels:
    app: bar
    deployment: bar
data:
  redis-url: redis://redis.cache.svc.cluster.local:6379
  log-level: warn
